\BOOKMARK [1][-]{section.1}{\376\377\000D\000e\000f\000i\000n\000i\000t\000i\000o\000n\000s}{}% 1
\BOOKMARK [1][-]{section.2}{\376\377\000W\000e\000e\000k\000\040\0001}{}% 2
\BOOKMARK [2][-]{subsection.2.1}{\376\377\000T\000o\000p\000i\000c\000s}{section.2}% 3
\BOOKMARK [2][-]{subsection.2.2}{\376\377\000N\000o\000t\000e\000s}{section.2}% 4
\BOOKMARK [1][-]{section.3}{\376\377\000W\000e\000e\000k\000\040\0002}{}% 5
\BOOKMARK [2][-]{subsection.3.1}{\376\377\000T\000o\000p\000i\000c\000s}{section.3}% 6
\BOOKMARK [2][-]{subsection.3.2}{\376\377\000N\000o\000t\000e\000s}{section.3}% 7
\BOOKMARK [1][-]{section.4}{\376\377\000W\000e\000e\000k\000\040\0003}{}% 8
\BOOKMARK [2][-]{subsection.4.1}{\376\377\000T\000o\000p\000i\000c\000s}{section.4}% 9
\BOOKMARK [2][-]{subsection.4.2}{\376\377\000N\000o\000t\000e\000s}{section.4}% 10
\BOOKMARK [1][-]{section.5}{\376\377\000W\000e\000e\000k\000\040\0004}{}% 11
\BOOKMARK [2][-]{subsection.5.1}{\376\377\000T\000o\000p\000i\000c\000s}{section.5}% 12
\BOOKMARK [2][-]{subsection.5.2}{\376\377\000N\000o\000t\000e\000s}{section.5}% 13
\BOOKMARK [1][-]{section.6}{\376\377\000W\000e\000e\000k\000\040\0005}{}% 14
\BOOKMARK [2][-]{subsection.6.1}{\376\377\000T\000o\000p\000i\000c\000s}{section.6}% 15
\BOOKMARK [2][-]{subsection.6.2}{\376\377\000N\000o\000t\000e\000s}{section.6}% 16
\BOOKMARK [1][-]{section.7}{\376\377\000W\000e\000e\000k\000\040\0006}{}% 17
\BOOKMARK [2][-]{subsection.7.1}{\376\377\000T\000o\000p\000i\000c\000s}{section.7}% 18
\BOOKMARK [2][-]{subsection.7.2}{\376\377\000N\000o\000t\000e\000s}{section.7}% 19
\BOOKMARK [1][-]{section.8}{\376\377\000W\000e\000e\000k\000\040\0007}{}% 20
\BOOKMARK [2][-]{subsection.8.1}{\376\377\000T\000o\000p\000i\000c\000s}{section.8}% 21
\BOOKMARK [2][-]{subsection.8.2}{\376\377\000N\000o\000t\000e\000s}{section.8}% 22
\BOOKMARK [1][-]{section.9}{\376\377\000W\000e\000e\000k\000\040\0008}{}% 23
\BOOKMARK [2][-]{subsection.9.1}{\376\377\000T\000o\000p\000i\000c\000s}{section.9}% 24
\BOOKMARK [2][-]{subsection.9.2}{\376\377\000N\000o\000t\000e\000s}{section.9}% 25
\BOOKMARK [1][-]{section.10}{\376\377\000W\000e\000e\000k\000\040\0009}{}% 26
\BOOKMARK [2][-]{subsection.10.1}{\376\377\000T\000o\000p\000i\000c\000s}{section.10}% 27
\BOOKMARK [2][-]{subsection.10.2}{\376\377\000N\000o\000t\000e\000s}{section.10}% 28
\BOOKMARK [1][-]{section.11}{\376\377\000W\000e\000e\000k\000\040\0001\0000}{}% 29
\BOOKMARK [2][-]{subsection.11.1}{\376\377\000T\000o\000p\000i\000c\000s}{section.11}% 30
\BOOKMARK [2][-]{subsection.11.2}{\376\377\000N\000o\000t\000e\000s}{section.11}% 31
\BOOKMARK [1][-]{section.12}{\376\377\000W\000e\000e\000k\000\040\0001\0001}{}% 32
\BOOKMARK [2][-]{subsection.12.1}{\376\377\000T\000o\000p\000i\000c\000s}{section.12}% 33
\BOOKMARK [2][-]{subsection.12.2}{\376\377\000N\000o\000t\000e\000s}{section.12}% 34
\BOOKMARK [1][-]{section.13}{\376\377\000W\000e\000e\000k\000\040\0001\0002}{}% 35
\BOOKMARK [2][-]{subsection.13.1}{\376\377\000T\000o\000p\000i\000c\000s}{section.13}% 36
\BOOKMARK [2][-]{subsection.13.2}{\376\377\000N\000o\000t\000e\000s}{section.13}% 37
